
======================================================================
BENCHMARK SUMMARY
======================================================================

--- binary ---
  logistic_regression       bal_acc=0.9024 [0.889-0.915], wF1=0.8994, QWK=0.7834, AUC=0.9706
  random_forest             bal_acc=0.9332 [0.922-0.945], wF1=0.9374, QWK=0.8634, AUC=0.9748
  svm_rbf                   bal_acc=0.9230 [0.911-0.934], wF1=0.9224, QWK=0.8320, AUC=0.9719
  elasticnet                bal_acc=0.9070 [0.893-0.920], wF1=0.9076, QWK=0.7999, AUC=0.9602
  xgboost                   bal_acc=0.9473 [0.937-0.958], wF1=0.9557, QWK=0.9028, AUC=0.9765
  catboost                  bal_acc=0.9507 [0.940-0.961], wF1=0.9572, QWK=0.9061, AUC=0.9785
  lightgbm                  bal_acc=0.9489 [0.938-0.959], wF1=0.9567, QWK=0.9049, AUC=0.9771

--- three_class ---
  logistic_regression       bal_acc=0.7595 [0.734-0.788], wF1=0.8295, QWK=0.7810, mAUC=0.9312
  random_forest             bal_acc=0.7528 [0.727-0.778], wF1=0.8557, QWK=0.7901, mAUC=0.9381
  svm_rbf                   bal_acc=0.7562 [0.731-0.783], wF1=0.8353, QWK=0.7789, mAUC=0.9387
  elasticnet                bal_acc=0.7126 [0.684-0.741], wF1=0.8277, QWK=0.7578, mAUC=0.9102
  xgboost                   bal_acc=0.7673 [0.740-0.793], wF1=0.8882, QWK=0.8622, mAUC=0.9437
  catboost                  bal_acc=0.7828 [0.757-0.807], wF1=0.8812, QWK=0.8485, mAUC=0.9423
  lightgbm                  bal_acc=0.7515 [0.725-0.776], wF1=0.8822, QWK=0.8503, mAUC=0.9411

--- full_ordinal ---
  logistic_regression       bal_acc=0.5679 [0.518-0.627], wF1=0.7458, QWK=0.7474, mAUC=0.8930
  random_forest             bal_acc=0.6268 [0.595-0.660], wF1=0.8320, QWK=0.7954, mAUC=0.9412
  svm_rbf                   bal_acc=0.6011 [0.566-0.641], wF1=0.7956, QWK=0.7667, mAUC=0.9321
  elasticnet                bal_acc=0.5443 [0.492-0.603], wF1=0.7743, QWK=0.7640, mAUC=0.8895
  xgboost                   bal_acc=0.6352 [0.595-0.685], wF1=0.8738, QWK=0.9009, mAUC=0.9474
  catboost                  bal_acc=0.6599 [0.627-0.700], wF1=0.8601, QWK=0.8606, mAUC=0.9464
  lightgbm                  bal_acc=0.5975 [0.565-0.634], wF1=0.8707, QWK=0.8964, mAUC=0.9429

--- nsd_positive ---
  logistic_regression       bal_acc=0.5392 [0.468-0.609], wF1=0.6221, QWK=0.4237, mAUC=0.7980
  random_forest             bal_acc=0.6446 [0.604-0.694], wF1=0.7749, QWK=0.7289, mAUC=0.8954
  svm_rbf                   bal_acc=0.5435 [0.496-0.604], wF1=0.6751, QWK=0.4614, mAUC=0.8344
  elasticnet                bal_acc=0.5064 [0.430-0.574], wF1=0.5933, QWK=0.4187, mAUC=0.7469
  xgboost                   bal_acc=0.6542 [0.596-0.725], wF1=0.7639, QWK=0.6724, mAUC=0.8876
  catboost                  bal_acc=0.6643 [0.618-0.723], wF1=0.7863, QWK=0.7173, mAUC=0.9039
  lightgbm                  bal_acc=0.5885 [0.553-0.639], wF1=0.7603, QWK=0.6651, mAUC=0.8962
